<?xml version="1.0" encoding="utf-8"?>
<TestRun id="259f8c28-ae81-4a0a-9feb-044665124dbe" name="jaysson.avendano@SWO5CD0131VG9 2023-09-14 18:28:14" runUser="DOMAIN\jaysson.avendano" xmlns="http://microsoft.com/schemas/VisualStudio/TeamTest/2010">
  <Times creation="2023-09-14T18:28:14.3869206-05:00" queuing="2023-09-14T18:28:14.3869212-05:00" start="2023-09-14T18:28:10.1088831-05:00" finish="2023-09-14T18:28:14.4058101-05:00" />
  <TestSettings name="default" id="7c35d298-da00-4cb2-9673-36d245305b70">
    <Deployment runDeploymentRoot="jaysson.avendano_SWO5CD0131VG9_2023-09-14_18_28_14" />
  </TestSettings>
  <Results>
    <UnitTestResult executionId="c301caa7-8188-4411-811d-21fed9156604" testId="1238815f-80f1-439d-cde8-39e04daa112b" testName="DotnetDemoapp_tests.LameUnitTest2.TestAThingTrue" computerName="SWO5CD0131VG9" duration="00:00:00.0025244" startTime="2023-09-14T18:28:14.1012409-05:00" endTime="2023-09-14T18:28:14.1012410-05:00" testType="13cdc9d9-ddb5-4fa4-a97d-d965ccfc6d4b" outcome="Passed" testListId="8c84fa94-04c1-424b-9868-57a2d4851a1d" relativeResultsDirectory="c301caa7-8188-4411-811d-21fed9156604" />
    <UnitTestResult executionId="6057ffe0-796c-4408-adf7-146354fd2ad1" testId="dab70bc9-2e08-0d32-20b5-06d18f2b0d03" testName="DotnetDemoapp_tests.class1Test.test1" computerName="SWO5CD0131VG9" duration="00:00:00.0042775" startTime="2023-09-14T18:28:14.1014879-05:00" endTime="2023-09-14T18:28:14.1014880-05:00" testType="13cdc9d9-ddb5-4fa4-a97d-d965ccfc6d4b" outcome="Passed" testListId="8c84fa94-04c1-424b-9868-57a2d4851a1d" relativeResultsDirectory="6057ffe0-796c-4408-adf7-146354fd2ad1" />
    <UnitTestResult executionId="4a263d70-dc4a-4f2c-a517-8aae8ab85228" testId="10a7e76d-8711-eb9f-85b7-64e521b7d667" testName="DotnetDemoapp_tests.LameUnitTest1.TestAThingFalse" computerName="SWO5CD0131VG9" duration="00:00:00.0024986" startTime="2023-09-14T18:28:14.0901569-05:00" endTime="2023-09-14T18:28:14.0901804-05:00" testType="13cdc9d9-ddb5-4fa4-a97d-d965ccfc6d4b" outcome="Passed" testListId="8c84fa94-04c1-424b-9868-57a2d4851a1d" relativeResultsDirectory="4a263d70-dc4a-4f2c-a517-8aae8ab85228" />
  </Results>
  <TestDefinitions>
    <UnitTest name="DotnetDemoapp_tests.LameUnitTest1.TestAThingFalse" storage="c:\temp\dotnet-demoapp\tests\bin\debug\net6.0\tests.dll" id="10a7e76d-8711-eb9f-85b7-64e521b7d667">
      <Execution id="4a263d70-dc4a-4f2c-a517-8aae8ab85228" />
      <TestMethod codeBase="C:\Temp\dotnet-demoapp\tests\bin\Debug\net6.0\tests.dll" adapterTypeName="executor://xunit/VsTestRunner2/netcoreapp" className="DotnetDemoapp_tests.LameUnitTest1" name="TestAThingFalse" />
    </UnitTest>
    <UnitTest name="DotnetDemoapp_tests.LameUnitTest2.TestAThingTrue" storage="c:\temp\dotnet-demoapp\tests\bin\debug\net6.0\tests.dll" id="1238815f-80f1-439d-cde8-39e04daa112b">
      <Execution id="c301caa7-8188-4411-811d-21fed9156604" />
      <TestMethod codeBase="C:\Temp\dotnet-demoapp\tests\bin\Debug\net6.0\tests.dll" adapterTypeName="executor://xunit/VsTestRunner2/netcoreapp" className="DotnetDemoapp_tests.LameUnitTest2" name="TestAThingTrue" />
    </UnitTest>
    <UnitTest name="DotnetDemoapp_tests.class1Test.test1" storage="c:\temp\dotnet-demoapp\tests\bin\debug\net6.0\tests.dll" id="dab70bc9-2e08-0d32-20b5-06d18f2b0d03">
      <Execution id="6057ffe0-796c-4408-adf7-146354fd2ad1" />
      <TestMethod codeBase="C:\Temp\dotnet-demoapp\tests\bin\Debug\net6.0\tests.dll" adapterTypeName="executor://xunit/VsTestRunner2/netcoreapp" className="DotnetDemoapp_tests.class1Test" name="test1" />
    </UnitTest>
  </TestDefinitions>
  <TestEntries>
    <TestEntry testId="1238815f-80f1-439d-cde8-39e04daa112b" executionId="c301caa7-8188-4411-811d-21fed9156604" testListId="8c84fa94-04c1-424b-9868-57a2d4851a1d" />
    <TestEntry testId="dab70bc9-2e08-0d32-20b5-06d18f2b0d03" executionId="6057ffe0-796c-4408-adf7-146354fd2ad1" testListId="8c84fa94-04c1-424b-9868-57a2d4851a1d" />
    <TestEntry testId="10a7e76d-8711-eb9f-85b7-64e521b7d667" executionId="4a263d70-dc4a-4f2c-a517-8aae8ab85228" testListId="8c84fa94-04c1-424b-9868-57a2d4851a1d" />
  </TestEntries>
  <TestLists>
    <TestList name="Results Not in a List" id="8c84fa94-04c1-424b-9868-57a2d4851a1d" />
    <TestList name="All Loaded Results" id="19431567-8539-422a-85d7-44ee4e166bda" />
  </TestLists>
  <ResultSummary outcome="Completed">
    <Counters total="3" executed="3" passed="3" failed="0" error="0" timeout="0" aborted="0" inconclusive="0" passedButRunAborted="0" notRunnable="0" notExecuted="0" disconnected="0" warning="0" completed="0" inProgress="0" pending="0" />
    <Output>
      <StdOut>[xUnit.net 00:00:00.00] xUnit.net VSTest Adapter v2.4.3+1b45f5407b (64-bit .NET 6.0.21)&#xD;
[xUnit.net 00:00:02.06]   Discovering: tests&#xD;
[xUnit.net 00:00:02.09]   Discovered:  tests&#xD;
[xUnit.net 00:00:02.09]   Starting:    tests&#xD;
[xUnit.net 00:00:02.18]   Finished:    tests&#xD;
</StdOut>
    </Output>
    <CollectorDataEntries>
      <Collector agentName="SWO5CD0131VG9" uri="datacollector://microsoft/CoverletCodeCoverage/1.0" collectorDisplayName="XPlat code coverage">
        <UriAttachments>
          <UriAttachment>
            <A href="SWO5CD0131VG9\coverage.opencover.xml"></A>
          </UriAttachment>
        </UriAttachments>
      </Collector>
    </CollectorDataEntries>
  </ResultSummary>
</TestRun>